// Jest Snapshot v1, https://goo.gl/fbAQLP

exports[`test Calculator component renders Calculator component 1`] = `
Object {
  "asFragment": [Function],
  "baseElement": <body>
    <div>
      <div
        class="main"
      >
        <div
          class="title"
        >
          <h1>
            Let's do some math!
          </h1>
        </div>
        <div
          class="calculator"
        >
          <div
            class="calculator-display"
          >
            0
          </div>
          <div
            class="container"
          >
            <div
              class="calculator-keypad"
            >
              <button
                class="calculator-key key-clear"
                type="button"
              >
                AC
              </button>
              <button
                class="calculator-key key-sign"
                type="button"
              >
                +/-
              </button>
              <button
                class="calculator-key key-percent"
                type="button"
              >
                %
              </button>
              <button
                class="calculator-key key-0"
                type="button"
              >
                0
              </button>
              <button
                class="calculator-key key-dot"
                type="button"
              >
                .
              </button>
              <button
                class="calculator-key key-1"
                type="button"
              >
                1
              </button>
              <button
                class="calculator-key key-2"
                type="button"
              >
                2
              </button>
              <button
                class="calculator-key key-3"
                type="button"
              >
                3
              </button>
              <button
                class="calculator-key key-4"
                type="button"
              >
                4
              </button>
              <button
                class="calculator-key key-5"
                type="button"
              >
                5
              </button>
              <button
                class="calculator-key key-6"
                type="button"
              >
                6
              </button>
              <button
                class="calculator-key key-7"
                type="button"
              >
                7
              </button>
              <button
                class="calculator-key key-8"
                type="button"
              >
                8
              </button>
              <button
                class="calculator-key key-9"
                type="button"
              >
                9
              </button>
            </div>
            <div
              class="operator-keys"
            >
              <button
                class="calculator-key key-divide"
                type="button"
              >
                รท
              </button>
              <button
                class="calculator-key key-multiply"
                type="button"
              >
                x
              </button>
              <button
                class="calculator-key key-subtract"
                type="button"
              >
                -
              </button>
              <button
                class="calculator-key key-add"
                type="button"
              >
                +
              </button>
              <button
                class="calculator-key key-equals"
                type="button"
              >
                =
              </button>
            </div>
          </div>
        </div>
      </div>
    </div>
  </body>,
  "container": <div>
    <div
      class="main"
    >
      <div
        class="title"
      >
        <h1>
          Let's do some math!
        </h1>
      </div>
      <div
        class="calculator"
      >
        <div
          class="calculator-display"
        >
          0
        </div>
        <div
          class="container"
        >
          <div
            class="calculator-keypad"
          >
            <button
              class="calculator-key key-clear"
              type="button"
            >
              AC
            </button>
            <button
              class="calculator-key key-sign"
              type="button"
            >
              +/-
            </button>
            <button
              class="calculator-key key-percent"
              type="button"
            >
              %
            </button>
            <button
              class="calculator-key key-0"
              type="button"
            >
              0
            </button>
            <button
              class="calculator-key key-dot"
              type="button"
            >
              .
            </button>
            <button
              class="calculator-key key-1"
              type="button"
            >
              1
            </button>
            <button
              class="calculator-key key-2"
              type="button"
            >
              2
            </button>
            <button
              class="calculator-key key-3"
              type="button"
            >
              3
            </button>
            <button
              class="calculator-key key-4"
              type="button"
            >
              4
            </button>
            <button
              class="calculator-key key-5"
              type="button"
            >
              5
            </button>
            <button
              class="calculator-key key-6"
              type="button"
            >
              6
            </button>
            <button
              class="calculator-key key-7"
              type="button"
            >
              7
            </button>
            <button
              class="calculator-key key-8"
              type="button"
            >
              8
            </button>
            <button
              class="calculator-key key-9"
              type="button"
            >
              9
            </button>
          </div>
          <div
            class="operator-keys"
          >
            <button
              class="calculator-key key-divide"
              type="button"
            >
              รท
            </button>
            <button
              class="calculator-key key-multiply"
              type="button"
            >
              x
            </button>
            <button
              class="calculator-key key-subtract"
              type="button"
            >
              -
            </button>
            <button
              class="calculator-key key-add"
              type="button"
            >
              +
            </button>
            <button
              class="calculator-key key-equals"
              type="button"
            >
              =
            </button>
          </div>
        </div>
      </div>
    </div>
  </div>,
  "debug": [Function],
  "findAllByAltText": [Function],
  "findAllByDisplayValue": [Function],
  "findAllByLabelText": [Function],
  "findAllByPlaceholderText": [Function],
  "findAllByRole": [Function],
  "findAllByTestId": [Function],
  "findAllByText": [Function],
  "findAllByTitle": [Function],
  "findByAltText": [Function],
  "findByDisplayValue": [Function],
  "findByLabelText": [Function],
  "findByPlaceholderText": [Function],
  "findByRole": [Function],
  "findByTestId": [Function],
  "findByText": [Function],
  "findByTitle": [Function],
  "getAllByAltText": [Function],
  "getAllByDisplayValue": [Function],
  "getAllByLabelText": [Function],
  "getAllByPlaceholderText": [Function],
  "getAllByRole": [Function],
  "getAllByTestId": [Function],
  "getAllByText": [Function],
  "getAllByTitle": [Function],
  "getByAltText": [Function],
  "getByDisplayValue": [Function],
  "getByLabelText": [Function],
  "getByPlaceholderText": [Function],
  "getByRole": [Function],
  "getByTestId": [Function],
  "getByText": [Function],
  "getByTitle": [Function],
  "queryAllByAltText": [Function],
  "queryAllByDisplayValue": [Function],
  "queryAllByLabelText": [Function],
  "queryAllByPlaceholderText": [Function],
  "queryAllByRole": [Function],
  "queryAllByTestId": [Function],
  "queryAllByText": [Function],
  "queryAllByTitle": [Function],
  "queryByAltText": [Function],
  "queryByDisplayValue": [Function],
  "queryByLabelText": [Function],
  "queryByPlaceholderText": [Function],
  "queryByRole": [Function],
  "queryByTestId": [Function],
  "queryByText": [Function],
  "queryByTitle": [Function],
  "rerender": [Function],
  "unmount": [Function],
}
`;
