// Jest Snapshot v1, https://goo.gl/fbAQLP

exports[`test App component renders App component 1`] = `
Object {
  "asFragment": [Function],
  "baseElement": <body>
    <div>
      <div
        class="navbar"
      >
        <h1>
          Math Magicians
        </h1>
        <ul>
          <li>
            <a
              aria-current="page"
              class="active-link active"
              exact="false"
              href="/"
            >
              Welcome
            </a>
          </li>
          <li>
            <a
              class="active-link"
              exact="false"
              href="/calculator"
            >
              Calculator
            </a>
          </li>
          <li>
            <a
              class="active-link"
              exact="false"
              href="/quote"
            >
              Quote
            </a>
          </li>
        </ul>
      </div>
      <div
        class="welcome"
      >
        <h1>
          Welcome to our page!
        </h1>
        <p>
          Lorem ipsum dolor sit amet, consectetur adipiscing elit, sed do eiusmod tempor incididunt ut labore et dolore magna aliqua. Ut enim ad minim veniam, quis nostrud exercitation ullamco laboris nisi ut aliquip ex ea commodo consequat. Duis aute irure dolor in reprehenderit in voluptate velit esse cillum dolore eu fugiat nulla pariatur.Excepteur sint occaecat cupidatat non proident, sunt in culpa qui officia deserunt mollit anim id est laborum.
        </p>
      </div>
    </div>
  </body>,
  "container": <div>
    <div
      class="navbar"
    >
      <h1>
        Math Magicians
      </h1>
      <ul>
        <li>
          <a
            aria-current="page"
            class="active-link active"
            exact="false"
            href="/"
          >
            Welcome
          </a>
        </li>
        <li>
          <a
            class="active-link"
            exact="false"
            href="/calculator"
          >
            Calculator
          </a>
        </li>
        <li>
          <a
            class="active-link"
            exact="false"
            href="/quote"
          >
            Quote
          </a>
        </li>
      </ul>
    </div>
    <div
      class="welcome"
    >
      <h1>
        Welcome to our page!
      </h1>
      <p>
        Lorem ipsum dolor sit amet, consectetur adipiscing elit, sed do eiusmod tempor incididunt ut labore et dolore magna aliqua. Ut enim ad minim veniam, quis nostrud exercitation ullamco laboris nisi ut aliquip ex ea commodo consequat. Duis aute irure dolor in reprehenderit in voluptate velit esse cillum dolore eu fugiat nulla pariatur.Excepteur sint occaecat cupidatat non proident, sunt in culpa qui officia deserunt mollit anim id est laborum.
      </p>
    </div>
  </div>,
  "debug": [Function],
  "findAllByAltText": [Function],
  "findAllByDisplayValue": [Function],
  "findAllByLabelText": [Function],
  "findAllByPlaceholderText": [Function],
  "findAllByRole": [Function],
  "findAllByTestId": [Function],
  "findAllByText": [Function],
  "findAllByTitle": [Function],
  "findByAltText": [Function],
  "findByDisplayValue": [Function],
  "findByLabelText": [Function],
  "findByPlaceholderText": [Function],
  "findByRole": [Function],
  "findByTestId": [Function],
  "findByText": [Function],
  "findByTitle": [Function],
  "getAllByAltText": [Function],
  "getAllByDisplayValue": [Function],
  "getAllByLabelText": [Function],
  "getAllByPlaceholderText": [Function],
  "getAllByRole": [Function],
  "getAllByTestId": [Function],
  "getAllByText": [Function],
  "getAllByTitle": [Function],
  "getByAltText": [Function],
  "getByDisplayValue": [Function],
  "getByLabelText": [Function],
  "getByPlaceholderText": [Function],
  "getByRole": [Function],
  "getByTestId": [Function],
  "getByText": [Function],
  "getByTitle": [Function],
  "queryAllByAltText": [Function],
  "queryAllByDisplayValue": [Function],
  "queryAllByLabelText": [Function],
  "queryAllByPlaceholderText": [Function],
  "queryAllByRole": [Function],
  "queryAllByTestId": [Function],
  "queryAllByText": [Function],
  "queryAllByTitle": [Function],
  "queryByAltText": [Function],
  "queryByDisplayValue": [Function],
  "queryByLabelText": [Function],
  "queryByPlaceholderText": [Function],
  "queryByRole": [Function],
  "queryByTestId": [Function],
  "queryByText": [Function],
  "queryByTitle": [Function],
  "rerender": [Function],
  "unmount": [Function],
}
`;
